Left "test/config/empty.conf:2:1:
    |
  2 | <empty line>
    | ^
  unexpected end of input
  expecting "connect", "disconnect", or "when"
  "